[ WARN:0@0.756] global cap_v4l.cpp:914 open VIDEOIO(V4L2:/dev/video0): can't open camera by index
[ERROR:0@0.756] global obsensor_uvc_stream_channel.cpp:163 getStreamChannelGroup Camera index out of range
[ WARN:0@1.757] global cap_v4l.cpp:914 open VIDEOIO(V4L2:/dev/video0): can't open camera by index
[ERROR:0@1.757] global obsensor_uvc_stream_channel.cpp:163 getStreamChannelGroup Camera index out of range
[ WARN:0@2.757] global cap_v4l.cpp:914 open VIDEOIO(V4L2:/dev/video0): can't open camera by index
[ERROR:0@2.757] global obsensor_uvc_stream_channel.cpp:163 getStreamChannelGroup Camera index out of range
[ WARN:0@3.758] global cap_v4l.cpp:914 open VIDEOIO(V4L2:/dev/video0): can't open camera by index
[ERROR:0@3.758] global obsensor_uvc_stream_channel.cpp:163 getStreamChannelGroup Camera index out of range
[ WARN:0@4.758] global cap_v4l.cpp:914 open VIDEOIO(V4L2:/dev/video0): can't open camera by index
[ERROR:0@4.758] global obsensor_uvc_stream_channel.cpp:163 getStreamChannelGroup Camera index out of range
[ WARN:0@5.759] global cap_v4l.cpp:914 open VIDEOIO(V4L2:/dev/video0): can't open camera by index
[ERROR:0@5.759] global obsensor_uvc_stream_channel.cpp:163 getStreamChannelGroup Camera index out of range
[ WARN:0@6.759] global cap_v4l.cpp:914 open VIDEOIO(V4L2:/dev/video0): can't open camera by index
[ERROR:0@6.759] global obsensor_uvc_stream_channel.cpp:163 getStreamChannelGroup Camera index out of range
[ WARN:0@7.759] global cap_v4l.cpp:914 open VIDEOIO(V4L2:/dev/video0): can't open camera by index
[ERROR:0@7.760] global obsensor_uvc_stream_channel.cpp:163 getStreamChannelGroup Camera index out of range
[ WARN:0@8.760] global cap_v4l.cpp:914 open VIDEOIO(V4L2:/dev/video0): can't open camera by index
[ERROR:0@8.760] global obsensor_uvc_stream_channel.cpp:163 getStreamChannelGroup Camera index out of range
[ WARN:0@9.760] global cap_v4l.cpp:914 open VIDEOIO(V4L2:/dev/video0): can't open camera by index
[ERROR:0@9.760] global obsensor_uvc_stream_channel.cpp:163 getStreamChannelGroup Camera index out of range
Waiting for first frame...
Failed to connect camera. Retry 1/10
Failed to connect camera. Retry 2/10
Failed to connect camera. Retry 3/10
Failed to connect camera. Retry 4/10
Failed to connect camera. Retry 5/10
Failed to connect camera. Retry 6/10
Failed to connect camera. Retry 7/10
Failed to connect camera. Retry 8/10
Failed to connect camera. Retry 9/10
Failed to connect camera. Retry 10/10
Could not get first frame. Exiting.
Could not open video source. Stopping thread.
